// Jest Snapshot v1, https://goo.gl/fbAQLP

exports[`App renderCharBtns should match the snapshot 1`] = `
Array [
  <Character
    click={[Function]}
    name="Luke Skywalker"
/>,
  <Character
    click={[Function]}
    name="Darth Vader"
/>,
  <Character
    click={[Function]}
    name="Obi-wan Kenobi"
/>,
  <Character
    click={[Function]}
    name="R2-D2"
/>,
]
`;

exports[`App renderResults should match the snapshot when there is an error in state 1`] = `
<h1>
  So much sadness
</h1>
`;

exports[`App renderResults should match the snapshot where there are results to show 1`] = `
<div>
  <h2>
    Movies Featuring 
    
    :
  </h2>
  <section>
    <div>
      <h3>
        Title
      </h3>
      <h3>
        Release Date
      </h3>
    </div>
    <Film
      date="Saturday, May 17th 1980"
      title="Empire Strikes Back"
    />
  </section>
</div>
`;

exports[`App should match the snapshot 1`] = `
ShallowWrapper {
  Symbol(enzyme.__root__): [Circular],
  Symbol(enzyme.__unrendered__): <App />,
  Symbol(enzyme.__renderer__): Object {
    "batchedUpdates": [Function],
    "getNode": [Function],
    "render": [Function],
    "simulateError": [Function],
    "simulateEvent": [Function],
    "unmount": [Function],
  },
  Symbol(enzyme.__node__): Object {
    "instance": null,
    "key": undefined,
    "nodeType": "host",
    "props": Object {
      "children": Array [
        <nav>
          <Character
                    click={[Function]}
                    name="Luke Skywalker"
          />
          <Character
                    click={[Function]}
                    name="Darth Vader"
          />
          <Character
                    click={[Function]}
                    name="Obi-wan Kenobi"
          />
          <Character
                    click={[Function]}
                    name="R2-D2"
          />
</nav>,
        false,
        <main />,
      ],
      "className": "App",
    },
    "ref": null,
    "rendered": Array [
      Object {
        "instance": null,
        "key": undefined,
        "nodeType": "host",
        "props": Object {
          "children": Array [
            <Character
              click={[Function]}
              name="Luke Skywalker"
/>,
            <Character
              click={[Function]}
              name="Darth Vader"
/>,
            <Character
              click={[Function]}
              name="Obi-wan Kenobi"
/>,
            <Character
              click={[Function]}
              name="R2-D2"
/>,
          ],
        },
        "ref": null,
        "rendered": Array [
          Object {
            "instance": null,
            "key": "Luke Skywalker",
            "nodeType": "function",
            "props": Object {
              "click": [Function],
              "name": "Luke Skywalker",
            },
            "ref": null,
            "rendered": null,
            "type": [Function],
          },
          Object {
            "instance": null,
            "key": "Darth Vader",
            "nodeType": "function",
            "props": Object {
              "click": [Function],
              "name": "Darth Vader",
            },
            "ref": null,
            "rendered": null,
            "type": [Function],
          },
          Object {
            "instance": null,
            "key": "Obi-wan Kenobi",
            "nodeType": "function",
            "props": Object {
              "click": [Function],
              "name": "Obi-wan Kenobi",
            },
            "ref": null,
            "rendered": null,
            "type": [Function],
          },
          Object {
            "instance": null,
            "key": "R2-D2",
            "nodeType": "function",
            "props": Object {
              "click": [Function],
              "name": "R2-D2",
            },
            "ref": null,
            "rendered": null,
            "type": [Function],
          },
        ],
        "type": "nav",
      },
      false,
      Object {
        "instance": null,
        "key": undefined,
        "nodeType": "host",
        "props": Object {
          "children": undefined,
        },
        "ref": null,
        "rendered": null,
        "type": "main",
      },
    ],
    "type": "div",
  },
  Symbol(enzyme.__nodes__): Array [
    Object {
      "instance": null,
      "key": undefined,
      "nodeType": "host",
      "props": Object {
        "children": Array [
          <nav>
            <Character
                        click={[Function]}
                        name="Luke Skywalker"
            />
            <Character
                        click={[Function]}
                        name="Darth Vader"
            />
            <Character
                        click={[Function]}
                        name="Obi-wan Kenobi"
            />
            <Character
                        click={[Function]}
                        name="R2-D2"
            />
</nav>,
          false,
          <main />,
        ],
        "className": "App",
      },
      "ref": null,
      "rendered": Array [
        Object {
          "instance": null,
          "key": undefined,
          "nodeType": "host",
          "props": Object {
            "children": Array [
              <Character
                click={[Function]}
                name="Luke Skywalker"
/>,
              <Character
                click={[Function]}
                name="Darth Vader"
/>,
              <Character
                click={[Function]}
                name="Obi-wan Kenobi"
/>,
              <Character
                click={[Function]}
                name="R2-D2"
/>,
            ],
          },
          "ref": null,
          "rendered": Array [
            Object {
              "instance": null,
              "key": "Luke Skywalker",
              "nodeType": "function",
              "props": Object {
                "click": [Function],
                "name": "Luke Skywalker",
              },
              "ref": null,
              "rendered": null,
              "type": [Function],
            },
            Object {
              "instance": null,
              "key": "Darth Vader",
              "nodeType": "function",
              "props": Object {
                "click": [Function],
                "name": "Darth Vader",
              },
              "ref": null,
              "rendered": null,
              "type": [Function],
            },
            Object {
              "instance": null,
              "key": "Obi-wan Kenobi",
              "nodeType": "function",
              "props": Object {
                "click": [Function],
                "name": "Obi-wan Kenobi",
              },
              "ref": null,
              "rendered": null,
              "type": [Function],
            },
            Object {
              "instance": null,
              "key": "R2-D2",
              "nodeType": "function",
              "props": Object {
                "click": [Function],
                "name": "R2-D2",
              },
              "ref": null,
              "rendered": null,
              "type": [Function],
            },
          ],
          "type": "nav",
        },
        false,
        Object {
          "instance": null,
          "key": undefined,
          "nodeType": "host",
          "props": Object {
            "children": undefined,
          },
          "ref": null,
          "rendered": null,
          "type": "main",
        },
      ],
      "type": "div",
    },
  ],
  Symbol(enzyme.__options__): Object {
    "adapter": ReactSixteenAdapter {
      "options": Object {
        "enableComponentDidUpdateOnSetState": true,
        "lifecycles": Object {
          "componentDidUpdate": Object {
            "onSetState": true,
          },
          "getDerivedStateFromProps": true,
          "getSnapshotBeforeUpdate": true,
          "setState": Object {
            "skipsComponentDidUpdateOnNullish": true,
          },
        },
      },
    },
    "attachTo": undefined,
    "hydrateIn": undefined,
  },
}
`;
